// Jest Snapshot v1, https://goo.gl/fbAQLP

exports[`TagChip should not introduce visual regressions 1`] = `
<div
  className="tag-chip"
  data-tag-name="spline"
>
  spline
  <span
    className="remove-tag-icon"
  >
    <svg
      className="icon-cross-small"
      height="22"
      viewBox="0 0 22 22"
      width="22"
      xmlns="http://www.w3.org/2000/svg"
    >
      <path
        d="M16.707 6.707l-1.414-1.414L11 9.586 6.707 5.293 5.293 6.707 9.586 11l-4.293 4.293 1.414 1.414L11 12.414l4.293 4.293 1.414-1.414L12.414 11z"
      />
    </svg>
  </span>
</div>
`;
