// Jest Snapshot v1, https://goo.gl/fbAQLP

exports[`TagChip should not introduce visual regressions 1`] = `
<div
  className="tag-chip"
  data-tag-name="spline"
>
  spline
  <span
    className="remove-tag-icon"
  >
    <svg
      className="icon-cross-small"
      viewBox="0 0 16 16"
      xmlns="http://www.w3.org/2000/svg"
    >
      <rect
        fill="none"
        height="16"
        width="16"
        x="0"
      />
      <path
        d="M13.66 3.76l-1.42-1.42L8 6.59 3.76 2.34 2.34 3.76 6.59 8l-4.25 4.24 1.42 1.42L8 9.41l4.24 4.25 1.42-1.42L9.41 8 13.66 3.76z"
      />
    </svg>
  </span>
</div>
`;
